Wind River DLD V5.7.0.0		Mon May 02 09:56:32 2016

Command line:
dld -tPPC5534VEN:simple .\src\default560P.dld -m6 -lc -limpl
C:\Users\murv\Desktop\unit2\TASK3\subtask2\Template\output\romcopy.o
C:\Users\murv\Desktop\unit2\TASK3\subtask2\Template\output\bam_init.o
C:\Users\murv\Desktop\unit2\TASK3\subtask2\Template\output\crt0.o
C:\Users\murv\Desktop\unit2\TASK3\subtask2\Template\output\main.o
C:\Users\murv\Desktop\unit2\TASK3\subtask2\Template\output\siu.o
C:\Users\murv\Desktop\unit2\TASK3\subtask2\Template\output\me.o
C:\Users\murv\Desktop\unit2\TASK3\subtask2\Template\output\pit.o
C:\Users\murv\Desktop\unit2\TASK3\subtask2\Template\output\adc.o
C:\Users\murv\Desktop\unit2\TASK3\subtask2\Template\output\interrupt.o
C:\Users\murv\Desktop\unit2\TASK3\subtask2\Template\output\init.o
C:\Users\murv\Desktop\unit2\TASK3\subtask2\Template\output\can.o -o
C:\Users\murv\Desktop\unit2\TASK3\subtask2\Template\output\SPC560P50_Test_GenCC_WindRiver.elf

Output file name   : C:\Users\murv\Desktop\unit2\TASK3\subtask2\Template\output\SPC560P50_Test_GenCC_WindRiver.elf
Output file format : ELF
Target machine type: PPC

		Link Editor Memory Map


output		input		virtual
section		section		address		size	 file

.abs.00000040   		00000040	00000378
		.abs.00000040   00000040	00000378 C:\Users\murv\Desktop\unit2\TASK3\subtask2\Template\output\main.o
			Ext_Isr 00000040	00000378


.rcw            		00000000	00000008
		.rcw            00000000	00000008 C:\Users\murv\Desktop\unit2\TASK3\subtask2\Template\output\bam_init.o
		ResetConfigWord 00000000	00000004
			 _reset 00000004	00000004


.init           		00000020	00000000

.init_vle       		00000020	00000000

.exec_vect      		00001000	00000000

.exec_vect_Vle  		00001000	00000000

.text           		00002000	00000000

.text_vle       		00002000	00000aa6
		.text_vle       00002000	000000a2 C:\Users\murv\Desktop\unit2\TASK3\subtask2\Template\output\romcopy.o
			romcopy 00002000	000000a2

		.text_vle       000020a2	00000000 C:\Users\murv\Desktop\unit2\TASK3\subtask2\Template\output\bam_init.o

		.text_vle       000020a4	00000058 C:\Users\murv\Desktop\unit2\TASK3\subtask2\Template\output\crt0.o
			 _start 000020a8	00000000
			   loop 000020b8	00000000

		.text_vle       000020fc	00000116 C:\Users\murv\Desktop\unit2\TASK3\subtask2\Template\output\main.o
			   main 000020fc	0000002e
		    PITCHANNEL0 0000212c	000000be
		    PITCHANNEL1 000021ec	00000026

		.text_vle       00002214	00000146 C:\Users\murv\Desktop\unit2\TASK3\subtask2\Template\output\siu.o
		       SIU_Init 00002214	00000146

		.text_vle       0000235c	0000009e C:\Users\murv\Desktop\unit2\TASK3\subtask2\Template\output\me.o
			 MEInit 0000235c	0000009e

		.text_vle       000023fc	00000130 C:\Users\murv\Desktop\unit2\TASK3\subtask2\Template\output\pit.o
	     PIT_ConfigureTimer 000023fc	00000030
		 PIT_StartTimer 0000242c	0000002e
		  PIT_StopTimer 0000245c	0000002e
		PIT_ChannelInit 0000248c	00000066
		       PIT_Init 000024f4	00000038

		.text_vle       0000252c	000000c0 C:\Users\murv\Desktop\unit2\TASK3\subtask2\Template\output\adc.o
	    ADC_StartConversion 0000252c	0000002e
			ADCInit 0000255c	00000090

		.text_vle       000025ec	000000e2 C:\Users\murv\Desktop\unit2\TASK3\subtask2\Template\output\interrupt.o
		  InterruptInit 000025ec	000000e2

		.text_vle       000026d0	0000006a C:\Users\murv\Desktop\unit2\TASK3\subtask2\Template\output\init.o
			   Init 000026d0	0000006a

		.text_vle       0000273c	0000036a C:\Users\murv\Desktop\unit2\TASK3\subtask2\Template\output\can.o
		  CANMsgBufInit 0000273c	000000ac
			CANInit 000027e8	000002be


.rodata         		00002aa6	00000000

.ctors          		00002aa8	00000000

.dtors          		00002aa8	00000000

.sdata2         		00002aa8	00000000

.sbss2          		00002aa8	00000000

.vects          		00012000	00000000

.data           		00002aa8	00000000

.sdata          		00002aa8	00000010
		.sdata          40000000	00000010 C:\Users\murv\Desktop\unit2\TASK3\subtask2\Template\output\main.o
			  speed 40000000	00000004
			     up 40000004	00000004
		     deltaSpeed 40000008	00000004
		      rec_speed 4000000c	00000004


.sbss           		40000010	00000000

.bss            		40000010	00000000

.tibss          		40000010	00000000

.tidata         		40000010	00000000

.PPC.EMB.apuinfo		00000000	00000018
		.PPC.EMB.apuinfo 00000000	00000018 C:\WINDRI~1\diab\570~1.0\PPCVLEE\simple\libc.a


.debug_frame    		00000000	000003dc
		.debug_frame    00000000	00000034 C:\Users\murv\Desktop\unit2\TASK3\subtask2\Template\output\romcopy.o
		    __local_cie 00000000	00000000

		.debug_frame    00000034	00000014 C:\Users\murv\Desktop\unit2\TASK3\subtask2\Template\output\bam_init.o
		    __local_cie 00000034	00000000

		.debug_frame    00000048	000000dc C:\Users\murv\Desktop\unit2\TASK3\subtask2\Template\output\main.o
		    __local_cie 00000048	00000000

		.debug_frame    00000124	00000054 C:\Users\murv\Desktop\unit2\TASK3\subtask2\Template\output\siu.o
		    __local_cie 00000124	00000000

		.debug_frame    00000178	00000044 C:\Users\murv\Desktop\unit2\TASK3\subtask2\Template\output\me.o
		    __local_cie 00000178	00000000

		.debug_frame    000001bc	000000a8 C:\Users\murv\Desktop\unit2\TASK3\subtask2\Template\output\pit.o
		    __local_cie 000001bc	00000000

		.debug_frame    00000264	00000068 C:\Users\murv\Desktop\unit2\TASK3\subtask2\Template\output\adc.o
		    __local_cie 00000264	00000000

		.debug_frame    000002cc	00000050 C:\Users\murv\Desktop\unit2\TASK3\subtask2\Template\output\interrupt.o
		    __local_cie 000002cc	00000000

		.debug_frame    0000031c	00000038 C:\Users\murv\Desktop\unit2\TASK3\subtask2\Template\output\init.o
		    __local_cie 0000031c	00000000

		.debug_frame    00000354	00000088 C:\Users\murv\Desktop\unit2\TASK3\subtask2\Template\output\can.o
		    __local_cie 00000354	00000000


.debug_line     		00000000	000007c6
		.debug_line     00000000	000000ad C:\Users\murv\Desktop\unit2\TASK3\subtask2\Template\output\romcopy.o

		.debug_line     000000ad	00000079 C:\Users\murv\Desktop\unit2\TASK3\subtask2\Template\output\bam_init.o

		.debug_line     00000126	00000090 C:\Users\murv\Desktop\unit2\TASK3\subtask2\Template\output\crt0.o

		.debug_line     000001b6	000000ba C:\Users\murv\Desktop\unit2\TASK3\subtask2\Template\output\main.o

		.debug_line     00000270	000000b6 C:\Users\murv\Desktop\unit2\TASK3\subtask2\Template\output\main.o

		.debug_line     00000326	000000a4 C:\Users\murv\Desktop\unit2\TASK3\subtask2\Template\output\siu.o

		.debug_line     000003ca	00000095 C:\Users\murv\Desktop\unit2\TASK3\subtask2\Template\output\me.o

		.debug_line     0000045f	000000bf C:\Users\murv\Desktop\unit2\TASK3\subtask2\Template\output\pit.o

		.debug_line     0000051e	0000009c C:\Users\murv\Desktop\unit2\TASK3\subtask2\Template\output\adc.o

		.debug_line     000005ba	00000097 C:\Users\murv\Desktop\unit2\TASK3\subtask2\Template\output\interrupt.o

		.debug_line     00000651	00000097 C:\Users\murv\Desktop\unit2\TASK3\subtask2\Template\output\init.o

		.debug_line     000006e8	000000de C:\Users\murv\Desktop\unit2\TASK3\subtask2\Template\output\can.o


.debug_abbrev   		00000000	0000025d
		.debug_abbrev   00000000	0000006d C:\Users\murv\Desktop\unit2\TASK3\subtask2\Template\output\romcopy.o

		.debug_abbrev   0000006d	00000039 C:\Users\murv\Desktop\unit2\TASK3\subtask2\Template\output\bam_init.o

		.debug_abbrev   000000a6	0000005a C:\Users\murv\Desktop\unit2\TASK3\subtask2\Template\output\main.o

		.debug_abbrev   00000100	0000002b C:\Users\murv\Desktop\unit2\TASK3\subtask2\Template\output\siu.o

		.debug_abbrev   0000012b	0000002b C:\Users\murv\Desktop\unit2\TASK3\subtask2\Template\output\me.o

		.debug_abbrev   00000156	00000045 C:\Users\murv\Desktop\unit2\TASK3\subtask2\Template\output\pit.o

		.debug_abbrev   0000019b	00000029 C:\Users\murv\Desktop\unit2\TASK3\subtask2\Template\output\adc.o

		.debug_abbrev   000001c4	00000029 C:\Users\murv\Desktop\unit2\TASK3\subtask2\Template\output\interrupt.o

		.debug_abbrev   000001ed	0000002b C:\Users\murv\Desktop\unit2\TASK3\subtask2\Template\output\init.o

		.debug_abbrev   00000218	00000045 C:\Users\murv\Desktop\unit2\TASK3\subtask2\Template\output\can.o


.debug_info     		00000000	00000cf0
		.debug_info     00000000	0000022b C:\Users\murv\Desktop\unit2\TASK3\subtask2\Template\output\romcopy.o

		.debug_info     0000022b	0000010e C:\Users\murv\Desktop\unit2\TASK3\subtask2\Template\output\bam_init.o

		.debug_info     00000339	0000017b C:\Users\murv\Desktop\unit2\TASK3\subtask2\Template\output\main.o

		.debug_info     000004b4	000000d4 C:\Users\murv\Desktop\unit2\TASK3\subtask2\Template\output\main.o

		.debug_info     00000588	000000d5 C:\Users\murv\Desktop\unit2\TASK3\subtask2\Template\output\siu.o

		.debug_info     0000065d	000000d2 C:\Users\murv\Desktop\unit2\TASK3\subtask2\Template\output\me.o

		.debug_info     0000072f	000001ff C:\Users\murv\Desktop\unit2\TASK3\subtask2\Template\output\pit.o

		.debug_info     0000092e	000000fb C:\Users\murv\Desktop\unit2\TASK3\subtask2\Template\output\adc.o

		.debug_info     00000a29	000000df C:\Users\murv\Desktop\unit2\TASK3\subtask2\Template\output\interrupt.o

		.debug_info     00000b08	000000d2 C:\Users\murv\Desktop\unit2\TASK3\subtask2\Template\output\init.o

		.debug_info     00000bda	00000116 C:\Users\murv\Desktop\unit2\TASK3\subtask2\Template\output\can.o


Link editor command file symbols
                         __argv 00002000
                          __env 00002000
                     __DATA_ROM 00002aa8
                     __DATA_RAM 40000000
                     __DATA_END 40000010
                    __BSS_START 40000010
                      __BSS_END 40000010
                   __HEAP_START 40000010
                      __SP_INIT 4000a000
                       __SP_END 40009800
                     __HEAP_END 40009800
                  ___HEAP_START 40000010
                    ___HEAP_END 40009800
                     ___SP_INIT 4000a000
                      ___SP_END 40009800
                    ___DATA_ROM 00002aa8
                    ___DATA_RAM 40000000
                    ___DATA_END 40000010
                   ___BSS_START 40000010
                     ___BSS_END 40000010
                     _SDA_BASE_ 40007ff0
                    _SDA2_BASE_ 0000aa98

                                Cross Reference Table

Symbol                          Output          Input           Referenced
                                Section         Section         (* - Defined)

ADCInit                         .text_vle	.text_vle	  C:\Users\murv\Desktop\unit2\TASK3\subtask2\Template\output\init.o
                                                                * C:\Users\murv\Desktop\unit2\TASK3\subtask2\Template\output\adc.o
ADC_StartConversion             .text_vle	.text_vle	* C:\Users\murv\Desktop\unit2\TASK3\subtask2\Template\output\adc.o
CANInit                         .text_vle	.text_vle	* C:\Users\murv\Desktop\unit2\TASK3\subtask2\Template\output\can.o
                                                                  C:\Users\murv\Desktop\unit2\TASK3\subtask2\Template\output\init.o
CANMsgBufInit                   .text_vle	.text_vle	* C:\Users\murv\Desktop\unit2\TASK3\subtask2\Template\output\can.o
Ext_Isr                         .abs.00000040	.abs.00000040	* C:\Users\murv\Desktop\unit2\TASK3\subtask2\Template\output\main.o
Init                            .text_vle	.text_vle	* C:\Users\murv\Desktop\unit2\TASK3\subtask2\Template\output\init.o
                                                                  C:\Users\murv\Desktop\unit2\TASK3\subtask2\Template\output\main.o
InterruptInit                   .text_vle	.text_vle	  C:\Users\murv\Desktop\unit2\TASK3\subtask2\Template\output\init.o
                                                                * C:\Users\murv\Desktop\unit2\TASK3\subtask2\Template\output\interrupt.o
MEInit                          .text_vle	.text_vle	  C:\Users\murv\Desktop\unit2\TASK3\subtask2\Template\output\init.o
                                                                * C:\Users\murv\Desktop\unit2\TASK3\subtask2\Template\output\me.o
PITCHANNEL0                     .text_vle	.text_vle	* C:\Users\murv\Desktop\unit2\TASK3\subtask2\Template\output\main.o
PITCHANNEL1                     .text_vle	.text_vle	* C:\Users\murv\Desktop\unit2\TASK3\subtask2\Template\output\main.o
PIT_ChannelInit                 .text_vle	.text_vle	* C:\Users\murv\Desktop\unit2\TASK3\subtask2\Template\output\pit.o
PIT_ConfigureTimer              .text_vle	.text_vle	* C:\Users\murv\Desktop\unit2\TASK3\subtask2\Template\output\pit.o
                                                                  C:\Users\murv\Desktop\unit2\TASK3\subtask2\Template\output\main.o
PIT_Init                        .text_vle	.text_vle	  C:\Users\murv\Desktop\unit2\TASK3\subtask2\Template\output\init.o
                                                                * C:\Users\murv\Desktop\unit2\TASK3\subtask2\Template\output\pit.o
PIT_StartTimer                  .text_vle	.text_vle	* C:\Users\murv\Desktop\unit2\TASK3\subtask2\Template\output\pit.o
                                                                  C:\Users\murv\Desktop\unit2\TASK3\subtask2\Template\output\main.o
PIT_StopTimer                   .text_vle	.text_vle	* C:\Users\murv\Desktop\unit2\TASK3\subtask2\Template\output\pit.o
ResetConfigWord                 .rcw    	.rcw    	* C:\Users\murv\Desktop\unit2\TASK3\subtask2\Template\output\bam_init.o
SIU_Init                        .text_vle	.text_vle	  C:\Users\murv\Desktop\unit2\TASK3\subtask2\Template\output\init.o
                                                                * C:\Users\murv\Desktop\unit2\TASK3\subtask2\Template\output\siu.o
_SDA2_BASE_                     [absolute]	        	  C:\Users\murv\Desktop\unit2\TASK3\subtask2\Template\output\crt0.o
                                                                * C:\WINDRI~1\diab\570~1.0\PPCVLEE\simple\libc.a
_SDA_BASE_                      .sdata  	.sdata  	  C:\Users\murv\Desktop\unit2\TASK3\subtask2\Template\output\crt0.o
                                                                * C:\WINDRI~1\diab\570~1.0\PPCVLEE\simple\libc.a
__BSS_END                       [absolute]	        	  C:\Users\murv\Desktop\unit2\TASK3\subtask2\Template\output\romcopy.o
                                                                * .\src\default560P.dld
__BSS_START                     [absolute]	        	  C:\Users\murv\Desktop\unit2\TASK3\subtask2\Template\output\romcopy.o
                                                                * .\src\default560P.dld
__DATA_END                      [absolute]	        	  C:\Users\murv\Desktop\unit2\TASK3\subtask2\Template\output\romcopy.o
                                                                * .\src\default560P.dld
__DATA_RAM                      [absolute]	        	  C:\Users\murv\Desktop\unit2\TASK3\subtask2\Template\output\romcopy.o
                                                                * .\src\default560P.dld
__DATA_ROM                      [absolute]	        	  C:\Users\murv\Desktop\unit2\TASK3\subtask2\Template\output\romcopy.o
                                                                * .\src\default560P.dld
__HEAP_END                      [absolute]	        	* .\src\default560P.dld
__HEAP_START                    [absolute]	        	* .\src\default560P.dld
__SP_END                        [absolute]	        	* .\src\default560P.dld
__SP_INIT                       [absolute]	        	  C:\Users\murv\Desktop\unit2\TASK3\subtask2\Template\output\crt0.o
                                                                * .\src\default560P.dld
___BSS_END                      [absolute]	        	* .\src\default560P.dld
___BSS_START                    [absolute]	        	* .\src\default560P.dld
___DATA_END                     [absolute]	        	* .\src\default560P.dld
___DATA_RAM                     [absolute]	        	* .\src\default560P.dld
___DATA_ROM                     [absolute]	        	* .\src\default560P.dld
___HEAP_END                     [absolute]	        	* .\src\default560P.dld
___HEAP_START                   [absolute]	        	* .\src\default560P.dld
___SP_END                       [absolute]	        	* .\src\default560P.dld
___SP_INIT                      [absolute]	        	* .\src\default560P.dld
__argv                          [absolute]	        	* .\src\default560P.dld
__env                           [absolute]	        	* .\src\default560P.dld
_reset                          .rcw    	.rcw    	* C:\Users\murv\Desktop\unit2\TASK3\subtask2\Template\output\bam_init.o
_start                          .text_vle	.text_vle	* C:\Users\murv\Desktop\unit2\TASK3\subtask2\Template\output\crt0.o
                                                                  C:\Users\murv\Desktop\unit2\TASK3\subtask2\Template\output\bam_init.o
deltaSpeed                      .sdata  	.sdata  	* C:\Users\murv\Desktop\unit2\TASK3\subtask2\Template\output\main.o
main                            .text_vle	.text_vle	* C:\Users\murv\Desktop\unit2\TASK3\subtask2\Template\output\main.o
                                                                  C:\Users\murv\Desktop\unit2\TASK3\subtask2\Template\output\romcopy.o
rec_speed                       .sdata  	.sdata  	* C:\Users\murv\Desktop\unit2\TASK3\subtask2\Template\output\main.o
romcopy                         .text_vle	.text_vle	  C:\Users\murv\Desktop\unit2\TASK3\subtask2\Template\output\crt0.o
                                                                * C:\Users\murv\Desktop\unit2\TASK3\subtask2\Template\output\romcopy.o
speed                           .sdata  	.sdata  	* C:\Users\murv\Desktop\unit2\TASK3\subtask2\Template\output\main.o
up                              .sdata  	.sdata  	* C:\Users\murv\Desktop\unit2\TASK3\subtask2\Template\output\main.o
